Analysis & Synthesis report for RISCV_16-bit_cpu
Wed Sep 23 08:01:35 2026
Quartus Prime Version 20.1.1 Build 720 11/11/2020 SJ Lite Edition


---------------------
; Table of Contents ;
---------------------
  1. Legal Notice
  2. Analysis & Synthesis Summary
  3. Analysis & Synthesis Settings
  4. Parallel Compilation
  5. Analysis & Synthesis Source Files Read
  6. Analysis & Synthesis Resource Usage Summary
  7. Analysis & Synthesis Resource Utilization by Entity
  8. Registers Removed During Synthesis
  9. General Register Statistics
 10. Port Connectivity Checks: "Datapath:datapath|Reg_file:reg_file"
 11. Post-Synthesis Netlist Statistics for Top Partition
 12. Elapsed Time Per Partition
 13. Analysis & Synthesis Messages



----------------
; Legal Notice ;
----------------
Copyright (C) 2020  Intel Corporation. All rights reserved.
Your use of Intel Corporation's design tools, logic functions 
and other software and tools, and any partner logic 
functions, and any output files from any of the foregoing 
(including device programming or simulation files), and any 
associated documentation or information are expressly subject 
to the terms and conditions of the Intel Program License 
Subscription Agreement, the Intel Quartus Prime License Agreement,
the Intel FPGA IP License Agreement, or other applicable license
agreement, including, without limitation, that your use is for
the sole purpose of programming logic devices manufactured by
Intel and sold by Intel or its authorized distributors.  Please
refer to the applicable agreement for further details, at
https://fpgasoftware.intel.com/eula.



+----------------------------------------------------------------------------------+
; Analysis & Synthesis Summary                                                     ;
+------------------------------------+---------------------------------------------+
; Analysis & Synthesis Status        ; Successful - Wed Sep 23 08:01:35 2026       ;
; Quartus Prime Version              ; 20.1.1 Build 720 11/11/2020 SJ Lite Edition ;
; Revision Name                      ; RISCV_16-bit_cpu                            ;
; Top-level Entity Name              ; RVC_CPU                                     ;
; Family                             ; Cyclone IV E                                ;
; Total logic elements               ; 0                                           ;
;     Total combinational functions  ; 0                                           ;
;     Dedicated logic registers      ; 0                                           ;
; Total registers                    ; 0                                           ;
; Total pins                         ; 34                                          ;
; Total virtual pins                 ; 0                                           ;
; Total memory bits                  ; 0                                           ;
; Embedded Multiplier 9-bit elements ; 0                                           ;
; Total PLLs                         ; 0                                           ;
+------------------------------------+---------------------------------------------+


+------------------------------------------------------------------------------------------------------------+
; Analysis & Synthesis Settings                                                                              ;
+------------------------------------------------------------------+--------------------+--------------------+
; Option                                                           ; Setting            ; Default Value      ;
+------------------------------------------------------------------+--------------------+--------------------+
; Device                                                           ; EP4CE22F17C6       ;                    ;
; Top-level entity name                                            ; RVC_CPU            ; RISCV_16-bit_cpu   ;
; Family name                                                      ; Cyclone IV E       ; Cyclone V          ;
; Use smart compilation                                            ; Off                ; Off                ;
; Enable parallel Assembler and Timing Analyzer during compilation ; On                 ; On                 ;
; Enable compact report table                                      ; Off                ; Off                ;
; Restructure Multiplexers                                         ; Auto               ; Auto               ;
; Create Debugging Nodes for IP Cores                              ; Off                ; Off                ;
; Preserve fewer node names                                        ; On                 ; On                 ;
; Intel FPGA IP Evaluation Mode                                    ; Enable             ; Enable             ;
; Verilog Version                                                  ; Verilog_2001       ; Verilog_2001       ;
; VHDL Version                                                     ; VHDL_1993          ; VHDL_1993          ;
; State Machine Processing                                         ; Auto               ; Auto               ;
; Safe State Machine                                               ; Off                ; Off                ;
; Extract Verilog State Machines                                   ; On                 ; On                 ;
; Extract VHDL State Machines                                      ; On                 ; On                 ;
; Ignore Verilog initial constructs                                ; Off                ; Off                ;
; Iteration limit for constant Verilog loops                       ; 5000               ; 5000               ;
; Iteration limit for non-constant Verilog loops                   ; 250                ; 250                ;
; Add Pass-Through Logic to Inferred RAMs                          ; On                 ; On                 ;
; Infer RAMs from Raw Logic                                        ; On                 ; On                 ;
; Parallel Synthesis                                               ; On                 ; On                 ;
; DSP Block Balancing                                              ; Auto               ; Auto               ;
; NOT Gate Push-Back                                               ; On                 ; On                 ;
; Power-Up Don't Care                                              ; On                 ; On                 ;
; Remove Redundant Logic Cells                                     ; Off                ; Off                ;
; Remove Duplicate Registers                                       ; On                 ; On                 ;
; Ignore CARRY Buffers                                             ; Off                ; Off                ;
; Ignore CASCADE Buffers                                           ; Off                ; Off                ;
; Ignore GLOBAL Buffers                                            ; Off                ; Off                ;
; Ignore ROW GLOBAL Buffers                                        ; Off                ; Off                ;
; Ignore LCELL Buffers                                             ; Off                ; Off                ;
; Ignore SOFT Buffers                                              ; On                 ; On                 ;
; Limit AHDL Integers to 32 Bits                                   ; Off                ; Off                ;
; Optimization Technique                                           ; Balanced           ; Balanced           ;
; Carry Chain Length                                               ; 70                 ; 70                 ;
; Auto Carry Chains                                                ; On                 ; On                 ;
; Auto Open-Drain Pins                                             ; On                 ; On                 ;
; Perform WYSIWYG Primitive Resynthesis                            ; Off                ; Off                ;
; Auto ROM Replacement                                             ; On                 ; On                 ;
; Auto RAM Replacement                                             ; On                 ; On                 ;
; Auto DSP Block Replacement                                       ; On                 ; On                 ;
; Auto Shift Register Replacement                                  ; Auto               ; Auto               ;
; Allow Shift Register Merging across Hierarchies                  ; Auto               ; Auto               ;
; Auto Clock Enable Replacement                                    ; On                 ; On                 ;
; Strict RAM Replacement                                           ; Off                ; Off                ;
; Allow Synchronous Control Signals                                ; On                 ; On                 ;
; Force Use of Synchronous Clear Signals                           ; Off                ; Off                ;
; Auto RAM Block Balancing                                         ; On                 ; On                 ;
; Auto RAM to Logic Cell Conversion                                ; Off                ; Off                ;
; Auto Resource Sharing                                            ; Off                ; Off                ;
; Allow Any RAM Size For Recognition                               ; Off                ; Off                ;
; Allow Any ROM Size For Recognition                               ; Off                ; Off                ;
; Allow Any Shift Register Size For Recognition                    ; Off                ; Off                ;
; Use LogicLock Constraints during Resource Balancing              ; On                 ; On                 ;
; Ignore translate_off and synthesis_off directives                ; Off                ; Off                ;
; Timing-Driven Synthesis                                          ; On                 ; On                 ;
; Report Parameter Settings                                        ; On                 ; On                 ;
; Report Source Assignments                                        ; On                 ; On                 ;
; Report Connectivity Checks                                       ; On                 ; On                 ;
; Ignore Maximum Fan-Out Assignments                               ; Off                ; Off                ;
; Synchronization Register Chain Length                            ; 2                  ; 2                  ;
; Power Optimization During Synthesis                              ; Normal compilation ; Normal compilation ;
; HDL message level                                                ; Level2             ; Level2             ;
; Suppress Register Optimization Related Messages                  ; Off                ; Off                ;
; Number of Removed Registers Reported in Synthesis Report         ; 5000               ; 5000               ;
; Number of Swept Nodes Reported in Synthesis Report               ; 5000               ; 5000               ;
; Number of Inverted Registers Reported in Synthesis Report        ; 100                ; 100                ;
; Clock MUX Protection                                             ; On                 ; On                 ;
; Auto Gated Clock Conversion                                      ; Off                ; Off                ;
; Block Design Naming                                              ; Auto               ; Auto               ;
; SDC constraint protection                                        ; Off                ; Off                ;
; Synthesis Effort                                                 ; Auto               ; Auto               ;
; Shift Register Replacement - Allow Asynchronous Clear Signal     ; On                 ; On                 ;
; Pre-Mapping Resynthesis Optimization                             ; Off                ; Off                ;
; Analysis & Synthesis Message Level                               ; Medium             ; Medium             ;
; Disable Register Merging Across Hierarchies                      ; Auto               ; Auto               ;
; Resource Aware Inference For Block RAM                           ; On                 ; On                 ;
+------------------------------------------------------------------+--------------------+--------------------+


+------------------------------------------+
; Parallel Compilation                     ;
+----------------------------+-------------+
; Processors                 ; Number      ;
+----------------------------+-------------+
; Number detected on machine ; 20          ;
; Maximum allowed            ; 14          ;
;                            ;             ;
; Average used               ; 1.00        ;
; Maximum used               ; 1           ;
;                            ;             ;
; Usage by Processor         ; % Time Used ;
;     Processor 1            ; 100.0%      ;
+----------------------------+-------------+


+----------------------------------------------------------------------------------------------------------------------+
; Analysis & Synthesis Source Files Read                                                                               ;
+----------------------------------+-----------------+------------------------+------------------------------+---------+
; File Name with User-Entered Path ; Used in Netlist ; File Type              ; File Name with Absolute Path ; Library ;
+----------------------------------+-----------------+------------------------+------------------------------+---------+
; code/RVC_CPU.v                   ; yes             ; User Verilog HDL File  ; C:/SETU_ZOHO/code/RVC_CPU.v  ;         ;
; code/Reg_file.v                  ; yes             ; User Verilog HDL File  ; C:/SETU_ZOHO/code/Reg_file.v ;         ;
; code/Decoder.v                   ; yes             ; User Verilog HDL File  ; C:/SETU_ZOHO/code/Decoder.v  ;         ;
; code/Datapath.v                  ; yes             ; User Verilog HDL File  ; C:/SETU_ZOHO/code/Datapath.v ;         ;
; code/ALU.v                       ; yes             ; User Verilog HDL File  ; C:/SETU_ZOHO/code/ALU.v      ;         ;
+----------------------------------+-----------------+------------------------+------------------------------+---------+


+-------------------------------------------------------------------+
; Analysis & Synthesis Resource Usage Summary                       ;
+---------------------------------------------+---------------------+
; Resource                                    ; Usage               ;
+---------------------------------------------+---------------------+
;                                             ;                     ;
; Total combinational functions               ; 0                   ;
; Logic element usage by number of LUT inputs ;                     ;
;     -- 4 input functions                    ; 0                   ;
;     -- 3 input functions                    ; 0                   ;
;     -- <=2 input functions                  ; 0                   ;
;                                             ;                     ;
; Logic elements by mode                      ;                     ;
;     -- normal mode                          ; 0                   ;
;     -- arithmetic mode                      ; 0                   ;
;                                             ;                     ;
; Total registers                             ; 0                   ;
;     -- Dedicated logic registers            ; 0                   ;
;     -- I/O registers                        ; 0                   ;
;                                             ;                     ;
; I/O pins                                    ; 34                  ;
;                                             ;                     ;
; Embedded Multiplier 9-bit elements          ; 0                   ;
;                                             ;                     ;
; Maximum fan-out node                        ; ALUResult[0]~output ;
; Maximum fan-out                             ; 1                   ;
; Total fan-out                               ; 34                  ;
; Average fan-out                             ; 0.50                ;
+---------------------------------------------+---------------------+


+----------------------------------------------------------------------------------------------------------------------------------------------------------------------------------------------------------+
; Analysis & Synthesis Resource Utilization by Entity                                                                                                                                                      ;
+----------------------------+---------------------+---------------------------+-------------+--------------+---------+-----------+------+--------------+---------------------+-------------+--------------+
; Compilation Hierarchy Node ; Combinational ALUTs ; Dedicated Logic Registers ; Memory Bits ; DSP Elements ; DSP 9x9 ; DSP 18x18 ; Pins ; Virtual Pins ; Full Hierarchy Name ; Entity Name ; Library Name ;
+----------------------------+---------------------+---------------------------+-------------+--------------+---------+-----------+------+--------------+---------------------+-------------+--------------+
; |RVC_CPU                   ; 0 (0)               ; 0 (0)                     ; 0           ; 0            ; 0       ; 0         ; 34   ; 0            ; |RVC_CPU            ; RVC_CPU     ; work         ;
+----------------------------+---------------------+---------------------------+-------------+--------------+---------+-----------+------+--------------+---------------------+-------------+--------------+
Note: For table entries with two numbers listed, the numbers in parentheses indicate the number of resources of the given type used by the specific entity alone. The numbers listed outside of parentheses indicate the total resources of the given type used by the specific entity and all of its sub-entities in the hierarchy.


+--------------------------------------------------------------------------------------------+
; Registers Removed During Synthesis                                                         ;
+---------------------------------------------------+----------------------------------------+
; Register name                                     ; Reason for Removal                     ;
+---------------------------------------------------+----------------------------------------+
; Datapath:datapath|Reg_file:reg_file|registers~15  ; Stuck at GND due to stuck port data_in ;
; Datapath:datapath|Reg_file:reg_file|registers~31  ; Stuck at GND due to stuck port data_in ;
; Datapath:datapath|Reg_file:reg_file|registers~47  ; Stuck at GND due to stuck port data_in ;
; Datapath:datapath|Reg_file:reg_file|registers~63  ; Stuck at GND due to stuck port data_in ;
; Datapath:datapath|Reg_file:reg_file|registers~79  ; Stuck at GND due to stuck port data_in ;
; Datapath:datapath|Reg_file:reg_file|registers~95  ; Stuck at GND due to stuck port data_in ;
; Datapath:datapath|Reg_file:reg_file|registers~111 ; Stuck at GND due to stuck port data_in ;
; Datapath:datapath|Reg_file:reg_file|registers~127 ; Stuck at GND due to stuck port data_in ;
; Datapath:datapath|Reg_file:reg_file|registers~143 ; Stuck at GND due to stuck port data_in ;
; Datapath:datapath|Reg_file:reg_file|registers~159 ; Stuck at GND due to stuck port data_in ;
; Datapath:datapath|Reg_file:reg_file|registers~175 ; Stuck at GND due to stuck port data_in ;
; Datapath:datapath|Reg_file:reg_file|registers~191 ; Stuck at GND due to stuck port data_in ;
; Datapath:datapath|Reg_file:reg_file|registers~207 ; Stuck at GND due to stuck port data_in ;
; Datapath:datapath|Reg_file:reg_file|registers~223 ; Stuck at GND due to stuck port data_in ;
; Datapath:datapath|Reg_file:reg_file|registers~239 ; Stuck at GND due to stuck port data_in ;
; Datapath:datapath|Reg_file:reg_file|registers~255 ; Stuck at GND due to stuck port data_in ;
; Datapath:datapath|Reg_file:reg_file|registers~271 ; Stuck at GND due to stuck port data_in ;
; Datapath:datapath|Reg_file:reg_file|registers~287 ; Stuck at GND due to stuck port data_in ;
; Datapath:datapath|Reg_file:reg_file|registers~303 ; Stuck at GND due to stuck port data_in ;
; Datapath:datapath|Reg_file:reg_file|registers~319 ; Stuck at GND due to stuck port data_in ;
; Datapath:datapath|Reg_file:reg_file|registers~335 ; Stuck at GND due to stuck port data_in ;
; Datapath:datapath|Reg_file:reg_file|registers~351 ; Stuck at GND due to stuck port data_in ;
; Datapath:datapath|Reg_file:reg_file|registers~367 ; Stuck at GND due to stuck port data_in ;
; Datapath:datapath|Reg_file:reg_file|registers~383 ; Stuck at GND due to stuck port data_in ;
; Datapath:datapath|Reg_file:reg_file|registers~399 ; Stuck at GND due to stuck port data_in ;
; Datapath:datapath|Reg_file:reg_file|registers~415 ; Stuck at GND due to stuck port data_in ;
; Datapath:datapath|Reg_file:reg_file|registers~431 ; Stuck at GND due to stuck port data_in ;
; Datapath:datapath|Reg_file:reg_file|registers~447 ; Stuck at GND due to stuck port data_in ;
; Datapath:datapath|Reg_file:reg_file|registers~463 ; Stuck at GND due to stuck port data_in ;
; Datapath:datapath|Reg_file:reg_file|registers~479 ; Stuck at GND due to stuck port data_in ;
; Datapath:datapath|Reg_file:reg_file|registers~495 ; Stuck at GND due to stuck port data_in ;
; Datapath:datapath|Reg_file:reg_file|registers~511 ; Stuck at GND due to stuck port data_in ;
; Datapath:datapath|Reg_file:reg_file|registers~14  ; Stuck at GND due to stuck port data_in ;
; Datapath:datapath|Reg_file:reg_file|registers~30  ; Stuck at GND due to stuck port data_in ;
; Datapath:datapath|Reg_file:reg_file|registers~46  ; Stuck at GND due to stuck port data_in ;
; Datapath:datapath|Reg_file:reg_file|registers~62  ; Stuck at GND due to stuck port data_in ;
; Datapath:datapath|Reg_file:reg_file|registers~78  ; Stuck at GND due to stuck port data_in ;
; Datapath:datapath|Reg_file:reg_file|registers~94  ; Stuck at GND due to stuck port data_in ;
; Datapath:datapath|Reg_file:reg_file|registers~110 ; Stuck at GND due to stuck port data_in ;
; Datapath:datapath|Reg_file:reg_file|registers~126 ; Stuck at GND due to stuck port data_in ;
; Datapath:datapath|Reg_file:reg_file|registers~142 ; Stuck at GND due to stuck port data_in ;
; Datapath:datapath|Reg_file:reg_file|registers~158 ; Stuck at GND due to stuck port data_in ;
; Datapath:datapath|Reg_file:reg_file|registers~174 ; Stuck at GND due to stuck port data_in ;
; Datapath:datapath|Reg_file:reg_file|registers~190 ; Stuck at GND due to stuck port data_in ;
; Datapath:datapath|Reg_file:reg_file|registers~206 ; Stuck at GND due to stuck port data_in ;
; Datapath:datapath|Reg_file:reg_file|registers~222 ; Stuck at GND due to stuck port data_in ;
; Datapath:datapath|Reg_file:reg_file|registers~238 ; Stuck at GND due to stuck port data_in ;
; Datapath:datapath|Reg_file:reg_file|registers~254 ; Stuck at GND due to stuck port data_in ;
; Datapath:datapath|Reg_file:reg_file|registers~270 ; Stuck at GND due to stuck port data_in ;
; Datapath:datapath|Reg_file:reg_file|registers~286 ; Stuck at GND due to stuck port data_in ;
; Datapath:datapath|Reg_file:reg_file|registers~302 ; Stuck at GND due to stuck port data_in ;
; Datapath:datapath|Reg_file:reg_file|registers~318 ; Stuck at GND due to stuck port data_in ;
; Datapath:datapath|Reg_file:reg_file|registers~334 ; Stuck at GND due to stuck port data_in ;
; Datapath:datapath|Reg_file:reg_file|registers~350 ; Stuck at GND due to stuck port data_in ;
; Datapath:datapath|Reg_file:reg_file|registers~366 ; Stuck at GND due to stuck port data_in ;
; Datapath:datapath|Reg_file:reg_file|registers~382 ; Stuck at GND due to stuck port data_in ;
; Datapath:datapath|Reg_file:reg_file|registers~398 ; Stuck at GND due to stuck port data_in ;
; Datapath:datapath|Reg_file:reg_file|registers~414 ; Stuck at GND due to stuck port data_in ;
; Datapath:datapath|Reg_file:reg_file|registers~430 ; Stuck at GND due to stuck port data_in ;
; Datapath:datapath|Reg_file:reg_file|registers~446 ; Stuck at GND due to stuck port data_in ;
; Datapath:datapath|Reg_file:reg_file|registers~462 ; Stuck at GND due to stuck port data_in ;
; Datapath:datapath|Reg_file:reg_file|registers~478 ; Stuck at GND due to stuck port data_in ;
; Datapath:datapath|Reg_file:reg_file|registers~494 ; Stuck at GND due to stuck port data_in ;
; Datapath:datapath|Reg_file:reg_file|registers~510 ; Stuck at GND due to stuck port data_in ;
; Datapath:datapath|Reg_file:reg_file|registers~13  ; Stuck at GND due to stuck port data_in ;
; Datapath:datapath|Reg_file:reg_file|registers~29  ; Stuck at GND due to stuck port data_in ;
; Datapath:datapath|Reg_file:reg_file|registers~45  ; Stuck at GND due to stuck port data_in ;
; Datapath:datapath|Reg_file:reg_file|registers~61  ; Stuck at GND due to stuck port data_in ;
; Datapath:datapath|Reg_file:reg_file|registers~77  ; Stuck at GND due to stuck port data_in ;
; Datapath:datapath|Reg_file:reg_file|registers~93  ; Stuck at GND due to stuck port data_in ;
; Datapath:datapath|Reg_file:reg_file|registers~109 ; Stuck at GND due to stuck port data_in ;
; Datapath:datapath|Reg_file:reg_file|registers~125 ; Stuck at GND due to stuck port data_in ;
; Datapath:datapath|Reg_file:reg_file|registers~141 ; Stuck at GND due to stuck port data_in ;
; Datapath:datapath|Reg_file:reg_file|registers~157 ; Stuck at GND due to stuck port data_in ;
; Datapath:datapath|Reg_file:reg_file|registers~173 ; Stuck at GND due to stuck port data_in ;
; Datapath:datapath|Reg_file:reg_file|registers~189 ; Stuck at GND due to stuck port data_in ;
; Datapath:datapath|Reg_file:reg_file|registers~205 ; Stuck at GND due to stuck port data_in ;
; Datapath:datapath|Reg_file:reg_file|registers~221 ; Stuck at GND due to stuck port data_in ;
; Datapath:datapath|Reg_file:reg_file|registers~237 ; Stuck at GND due to stuck port data_in ;
; Datapath:datapath|Reg_file:reg_file|registers~253 ; Stuck at GND due to stuck port data_in ;
; Datapath:datapath|Reg_file:reg_file|registers~269 ; Stuck at GND due to stuck port data_in ;
; Datapath:datapath|Reg_file:reg_file|registers~285 ; Stuck at GND due to stuck port data_in ;
; Datapath:datapath|Reg_file:reg_file|registers~301 ; Stuck at GND due to stuck port data_in ;
; Datapath:datapath|Reg_file:reg_file|registers~317 ; Stuck at GND due to stuck port data_in ;
; Datapath:datapath|Reg_file:reg_file|registers~333 ; Stuck at GND due to stuck port data_in ;
; Datapath:datapath|Reg_file:reg_file|registers~349 ; Stuck at GND due to stuck port data_in ;
; Datapath:datapath|Reg_file:reg_file|registers~365 ; Stuck at GND due to stuck port data_in ;
; Datapath:datapath|Reg_file:reg_file|registers~381 ; Stuck at GND due to stuck port data_in ;
; Datapath:datapath|Reg_file:reg_file|registers~397 ; Stuck at GND due to stuck port data_in ;
; Datapath:datapath|Reg_file:reg_file|registers~413 ; Stuck at GND due to stuck port data_in ;
; Datapath:datapath|Reg_file:reg_file|registers~429 ; Stuck at GND due to stuck port data_in ;
; Datapath:datapath|Reg_file:reg_file|registers~445 ; Stuck at GND due to stuck port data_in ;
; Datapath:datapath|Reg_file:reg_file|registers~461 ; Stuck at GND due to stuck port data_in ;
; Datapath:datapath|Reg_file:reg_file|registers~477 ; Stuck at GND due to stuck port data_in ;
; Datapath:datapath|Reg_file:reg_file|registers~493 ; Stuck at GND due to stuck port data_in ;
; Datapath:datapath|Reg_file:reg_file|registers~509 ; Stuck at GND due to stuck port data_in ;
; Datapath:datapath|Reg_file:reg_file|registers~12  ; Stuck at GND due to stuck port data_in ;
; Datapath:datapath|Reg_file:reg_file|registers~28  ; Stuck at GND due to stuck port data_in ;
; Datapath:datapath|Reg_file:reg_file|registers~44  ; Stuck at GND due to stuck port data_in ;
; Datapath:datapath|Reg_file:reg_file|registers~60  ; Stuck at GND due to stuck port data_in ;
; Datapath:datapath|Reg_file:reg_file|registers~76  ; Stuck at GND due to stuck port data_in ;
; Datapath:datapath|Reg_file:reg_file|registers~92  ; Stuck at GND due to stuck port data_in ;
; Datapath:datapath|Reg_file:reg_file|registers~108 ; Stuck at GND due to stuck port data_in ;
; Datapath:datapath|Reg_file:reg_file|registers~124 ; Stuck at GND due to stuck port data_in ;
; Datapath:datapath|Reg_file:reg_file|registers~140 ; Stuck at GND due to stuck port data_in ;
; Datapath:datapath|Reg_file:reg_file|registers~156 ; Stuck at GND due to stuck port data_in ;
; Datapath:datapath|Reg_file:reg_file|registers~172 ; Stuck at GND due to stuck port data_in ;
; Datapath:datapath|Reg_file:reg_file|registers~188 ; Stuck at GND due to stuck port data_in ;
; Datapath:datapath|Reg_file:reg_file|registers~204 ; Stuck at GND due to stuck port data_in ;
; Datapath:datapath|Reg_file:reg_file|registers~220 ; Stuck at GND due to stuck port data_in ;
; Datapath:datapath|Reg_file:reg_file|registers~236 ; Stuck at GND due to stuck port data_in ;
; Datapath:datapath|Reg_file:reg_file|registers~252 ; Stuck at GND due to stuck port data_in ;
; Datapath:datapath|Reg_file:reg_file|registers~268 ; Stuck at GND due to stuck port data_in ;
; Datapath:datapath|Reg_file:reg_file|registers~284 ; Stuck at GND due to stuck port data_in ;
; Datapath:datapath|Reg_file:reg_file|registers~300 ; Stuck at GND due to stuck port data_in ;
; Datapath:datapath|Reg_file:reg_file|registers~316 ; Stuck at GND due to stuck port data_in ;
; Datapath:datapath|Reg_file:reg_file|registers~332 ; Stuck at GND due to stuck port data_in ;
; Datapath:datapath|Reg_file:reg_file|registers~348 ; Stuck at GND due to stuck port data_in ;
; Datapath:datapath|Reg_file:reg_file|registers~364 ; Stuck at GND due to stuck port data_in ;
; Datapath:datapath|Reg_file:reg_file|registers~380 ; Stuck at GND due to stuck port data_in ;
; Datapath:datapath|Reg_file:reg_file|registers~396 ; Stuck at GND due to stuck port data_in ;
; Datapath:datapath|Reg_file:reg_file|registers~412 ; Stuck at GND due to stuck port data_in ;
; Datapath:datapath|Reg_file:reg_file|registers~428 ; Stuck at GND due to stuck port data_in ;
; Datapath:datapath|Reg_file:reg_file|registers~444 ; Stuck at GND due to stuck port data_in ;
; Datapath:datapath|Reg_file:reg_file|registers~460 ; Stuck at GND due to stuck port data_in ;
; Datapath:datapath|Reg_file:reg_file|registers~476 ; Stuck at GND due to stuck port data_in ;
; Datapath:datapath|Reg_file:reg_file|registers~492 ; Stuck at GND due to stuck port data_in ;
; Datapath:datapath|Reg_file:reg_file|registers~508 ; Stuck at GND due to stuck port data_in ;
; Datapath:datapath|Reg_file:reg_file|registers~11  ; Stuck at GND due to stuck port data_in ;
; Datapath:datapath|Reg_file:reg_file|registers~27  ; Stuck at GND due to stuck port data_in ;
; Datapath:datapath|Reg_file:reg_file|registers~43  ; Stuck at GND due to stuck port data_in ;
; Datapath:datapath|Reg_file:reg_file|registers~59  ; Stuck at GND due to stuck port data_in ;
; Datapath:datapath|Reg_file:reg_file|registers~75  ; Stuck at GND due to stuck port data_in ;
; Datapath:datapath|Reg_file:reg_file|registers~91  ; Stuck at GND due to stuck port data_in ;
; Datapath:datapath|Reg_file:reg_file|registers~107 ; Stuck at GND due to stuck port data_in ;
; Datapath:datapath|Reg_file:reg_file|registers~123 ; Stuck at GND due to stuck port data_in ;
; Datapath:datapath|Reg_file:reg_file|registers~139 ; Stuck at GND due to stuck port data_in ;
; Datapath:datapath|Reg_file:reg_file|registers~155 ; Stuck at GND due to stuck port data_in ;
; Datapath:datapath|Reg_file:reg_file|registers~171 ; Stuck at GND due to stuck port data_in ;
; Datapath:datapath|Reg_file:reg_file|registers~187 ; Stuck at GND due to stuck port data_in ;
; Datapath:datapath|Reg_file:reg_file|registers~203 ; Stuck at GND due to stuck port data_in ;
; Datapath:datapath|Reg_file:reg_file|registers~219 ; Stuck at GND due to stuck port data_in ;
; Datapath:datapath|Reg_file:reg_file|registers~235 ; Stuck at GND due to stuck port data_in ;
; Datapath:datapath|Reg_file:reg_file|registers~251 ; Stuck at GND due to stuck port data_in ;
; Datapath:datapath|Reg_file:reg_file|registers~267 ; Stuck at GND due to stuck port data_in ;
; Datapath:datapath|Reg_file:reg_file|registers~283 ; Stuck at GND due to stuck port data_in ;
; Datapath:datapath|Reg_file:reg_file|registers~299 ; Stuck at GND due to stuck port data_in ;
; Datapath:datapath|Reg_file:reg_file|registers~315 ; Stuck at GND due to stuck port data_in ;
; Datapath:datapath|Reg_file:reg_file|registers~331 ; Stuck at GND due to stuck port data_in ;
; Datapath:datapath|Reg_file:reg_file|registers~347 ; Stuck at GND due to stuck port data_in ;
; Datapath:datapath|Reg_file:reg_file|registers~363 ; Stuck at GND due to stuck port data_in ;
; Datapath:datapath|Reg_file:reg_file|registers~379 ; Stuck at GND due to stuck port data_in ;
; Datapath:datapath|Reg_file:reg_file|registers~395 ; Stuck at GND due to stuck port data_in ;
; Datapath:datapath|Reg_file:reg_file|registers~411 ; Stuck at GND due to stuck port data_in ;
; Datapath:datapath|Reg_file:reg_file|registers~427 ; Stuck at GND due to stuck port data_in ;
; Datapath:datapath|Reg_file:reg_file|registers~443 ; Stuck at GND due to stuck port data_in ;
; Datapath:datapath|Reg_file:reg_file|registers~459 ; Stuck at GND due to stuck port data_in ;
; Datapath:datapath|Reg_file:reg_file|registers~475 ; Stuck at GND due to stuck port data_in ;
; Datapath:datapath|Reg_file:reg_file|registers~491 ; Stuck at GND due to stuck port data_in ;
; Datapath:datapath|Reg_file:reg_file|registers~507 ; Stuck at GND due to stuck port data_in ;
; Datapath:datapath|Reg_file:reg_file|registers~10  ; Stuck at GND due to stuck port data_in ;
; Datapath:datapath|Reg_file:reg_file|registers~26  ; Stuck at GND due to stuck port data_in ;
; Datapath:datapath|Reg_file:reg_file|registers~42  ; Stuck at GND due to stuck port data_in ;
; Datapath:datapath|Reg_file:reg_file|registers~58  ; Stuck at GND due to stuck port data_in ;
; Datapath:datapath|Reg_file:reg_file|registers~74  ; Stuck at GND due to stuck port data_in ;
; Datapath:datapath|Reg_file:reg_file|registers~90  ; Stuck at GND due to stuck port data_in ;
; Datapath:datapath|Reg_file:reg_file|registers~106 ; Stuck at GND due to stuck port data_in ;
; Datapath:datapath|Reg_file:reg_file|registers~122 ; Stuck at GND due to stuck port data_in ;
; Datapath:datapath|Reg_file:reg_file|registers~138 ; Stuck at GND due to stuck port data_in ;
; Datapath:datapath|Reg_file:reg_file|registers~154 ; Stuck at GND due to stuck port data_in ;
; Datapath:datapath|Reg_file:reg_file|registers~170 ; Stuck at GND due to stuck port data_in ;
; Datapath:datapath|Reg_file:reg_file|registers~186 ; Stuck at GND due to stuck port data_in ;
; Datapath:datapath|Reg_file:reg_file|registers~202 ; Stuck at GND due to stuck port data_in ;
; Datapath:datapath|Reg_file:reg_file|registers~218 ; Stuck at GND due to stuck port data_in ;
; Datapath:datapath|Reg_file:reg_file|registers~234 ; Stuck at GND due to stuck port data_in ;
; Datapath:datapath|Reg_file:reg_file|registers~250 ; Stuck at GND due to stuck port data_in ;
; Datapath:datapath|Reg_file:reg_file|registers~266 ; Stuck at GND due to stuck port data_in ;
; Datapath:datapath|Reg_file:reg_file|registers~282 ; Stuck at GND due to stuck port data_in ;
; Datapath:datapath|Reg_file:reg_file|registers~298 ; Stuck at GND due to stuck port data_in ;
; Datapath:datapath|Reg_file:reg_file|registers~314 ; Stuck at GND due to stuck port data_in ;
; Datapath:datapath|Reg_file:reg_file|registers~330 ; Stuck at GND due to stuck port data_in ;
; Datapath:datapath|Reg_file:reg_file|registers~346 ; Stuck at GND due to stuck port data_in ;
; Datapath:datapath|Reg_file:reg_file|registers~362 ; Stuck at GND due to stuck port data_in ;
; Datapath:datapath|Reg_file:reg_file|registers~378 ; Stuck at GND due to stuck port data_in ;
; Datapath:datapath|Reg_file:reg_file|registers~394 ; Stuck at GND due to stuck port data_in ;
; Datapath:datapath|Reg_file:reg_file|registers~410 ; Stuck at GND due to stuck port data_in ;
; Datapath:datapath|Reg_file:reg_file|registers~426 ; Stuck at GND due to stuck port data_in ;
; Datapath:datapath|Reg_file:reg_file|registers~442 ; Stuck at GND due to stuck port data_in ;
; Datapath:datapath|Reg_file:reg_file|registers~458 ; Stuck at GND due to stuck port data_in ;
; Datapath:datapath|Reg_file:reg_file|registers~474 ; Stuck at GND due to stuck port data_in ;
; Datapath:datapath|Reg_file:reg_file|registers~490 ; Stuck at GND due to stuck port data_in ;
; Datapath:datapath|Reg_file:reg_file|registers~506 ; Stuck at GND due to stuck port data_in ;
; Datapath:datapath|Reg_file:reg_file|registers~9   ; Stuck at GND due to stuck port data_in ;
; Datapath:datapath|Reg_file:reg_file|registers~25  ; Stuck at GND due to stuck port data_in ;
; Datapath:datapath|Reg_file:reg_file|registers~41  ; Stuck at GND due to stuck port data_in ;
; Datapath:datapath|Reg_file:reg_file|registers~57  ; Stuck at GND due to stuck port data_in ;
; Datapath:datapath|Reg_file:reg_file|registers~73  ; Stuck at GND due to stuck port data_in ;
; Datapath:datapath|Reg_file:reg_file|registers~89  ; Stuck at GND due to stuck port data_in ;
; Datapath:datapath|Reg_file:reg_file|registers~105 ; Stuck at GND due to stuck port data_in ;
; Datapath:datapath|Reg_file:reg_file|registers~121 ; Stuck at GND due to stuck port data_in ;
; Datapath:datapath|Reg_file:reg_file|registers~137 ; Stuck at GND due to stuck port data_in ;
; Datapath:datapath|Reg_file:reg_file|registers~153 ; Stuck at GND due to stuck port data_in ;
; Datapath:datapath|Reg_file:reg_file|registers~169 ; Stuck at GND due to stuck port data_in ;
; Datapath:datapath|Reg_file:reg_file|registers~185 ; Stuck at GND due to stuck port data_in ;
; Datapath:datapath|Reg_file:reg_file|registers~201 ; Stuck at GND due to stuck port data_in ;
; Datapath:datapath|Reg_file:reg_file|registers~217 ; Stuck at GND due to stuck port data_in ;
; Datapath:datapath|Reg_file:reg_file|registers~233 ; Stuck at GND due to stuck port data_in ;
; Datapath:datapath|Reg_file:reg_file|registers~249 ; Stuck at GND due to stuck port data_in ;
; Datapath:datapath|Reg_file:reg_file|registers~265 ; Stuck at GND due to stuck port data_in ;
; Datapath:datapath|Reg_file:reg_file|registers~281 ; Stuck at GND due to stuck port data_in ;
; Datapath:datapath|Reg_file:reg_file|registers~297 ; Stuck at GND due to stuck port data_in ;
; Datapath:datapath|Reg_file:reg_file|registers~313 ; Stuck at GND due to stuck port data_in ;
; Datapath:datapath|Reg_file:reg_file|registers~329 ; Stuck at GND due to stuck port data_in ;
; Datapath:datapath|Reg_file:reg_file|registers~345 ; Stuck at GND due to stuck port data_in ;
; Datapath:datapath|Reg_file:reg_file|registers~361 ; Stuck at GND due to stuck port data_in ;
; Datapath:datapath|Reg_file:reg_file|registers~377 ; Stuck at GND due to stuck port data_in ;
; Datapath:datapath|Reg_file:reg_file|registers~393 ; Stuck at GND due to stuck port data_in ;
; Datapath:datapath|Reg_file:reg_file|registers~409 ; Stuck at GND due to stuck port data_in ;
; Datapath:datapath|Reg_file:reg_file|registers~425 ; Stuck at GND due to stuck port data_in ;
; Datapath:datapath|Reg_file:reg_file|registers~441 ; Stuck at GND due to stuck port data_in ;
; Datapath:datapath|Reg_file:reg_file|registers~457 ; Stuck at GND due to stuck port data_in ;
; Datapath:datapath|Reg_file:reg_file|registers~473 ; Stuck at GND due to stuck port data_in ;
; Datapath:datapath|Reg_file:reg_file|registers~489 ; Stuck at GND due to stuck port data_in ;
; Datapath:datapath|Reg_file:reg_file|registers~505 ; Stuck at GND due to stuck port data_in ;
; Datapath:datapath|Reg_file:reg_file|registers~8   ; Stuck at GND due to stuck port data_in ;
; Datapath:datapath|Reg_file:reg_file|registers~24  ; Stuck at GND due to stuck port data_in ;
; Datapath:datapath|Reg_file:reg_file|registers~40  ; Stuck at GND due to stuck port data_in ;
; Datapath:datapath|Reg_file:reg_file|registers~56  ; Stuck at GND due to stuck port data_in ;
; Datapath:datapath|Reg_file:reg_file|registers~72  ; Stuck at GND due to stuck port data_in ;
; Datapath:datapath|Reg_file:reg_file|registers~88  ; Stuck at GND due to stuck port data_in ;
; Datapath:datapath|Reg_file:reg_file|registers~104 ; Stuck at GND due to stuck port data_in ;
; Datapath:datapath|Reg_file:reg_file|registers~120 ; Stuck at GND due to stuck port data_in ;
; Datapath:datapath|Reg_file:reg_file|registers~136 ; Stuck at GND due to stuck port data_in ;
; Datapath:datapath|Reg_file:reg_file|registers~152 ; Stuck at GND due to stuck port data_in ;
; Datapath:datapath|Reg_file:reg_file|registers~168 ; Stuck at GND due to stuck port data_in ;
; Datapath:datapath|Reg_file:reg_file|registers~184 ; Stuck at GND due to stuck port data_in ;
; Datapath:datapath|Reg_file:reg_file|registers~200 ; Stuck at GND due to stuck port data_in ;
; Datapath:datapath|Reg_file:reg_file|registers~216 ; Stuck at GND due to stuck port data_in ;
; Datapath:datapath|Reg_file:reg_file|registers~232 ; Stuck at GND due to stuck port data_in ;
; Datapath:datapath|Reg_file:reg_file|registers~248 ; Stuck at GND due to stuck port data_in ;
; Datapath:datapath|Reg_file:reg_file|registers~264 ; Stuck at GND due to stuck port data_in ;
; Datapath:datapath|Reg_file:reg_file|registers~280 ; Stuck at GND due to stuck port data_in ;
; Datapath:datapath|Reg_file:reg_file|registers~296 ; Stuck at GND due to stuck port data_in ;
; Datapath:datapath|Reg_file:reg_file|registers~312 ; Stuck at GND due to stuck port data_in ;
; Datapath:datapath|Reg_file:reg_file|registers~328 ; Stuck at GND due to stuck port data_in ;
; Datapath:datapath|Reg_file:reg_file|registers~344 ; Stuck at GND due to stuck port data_in ;
; Datapath:datapath|Reg_file:reg_file|registers~360 ; Stuck at GND due to stuck port data_in ;
; Datapath:datapath|Reg_file:reg_file|registers~376 ; Stuck at GND due to stuck port data_in ;
; Datapath:datapath|Reg_file:reg_file|registers~392 ; Stuck at GND due to stuck port data_in ;
; Datapath:datapath|Reg_file:reg_file|registers~408 ; Stuck at GND due to stuck port data_in ;
; Datapath:datapath|Reg_file:reg_file|registers~424 ; Stuck at GND due to stuck port data_in ;
; Datapath:datapath|Reg_file:reg_file|registers~440 ; Stuck at GND due to stuck port data_in ;
; Datapath:datapath|Reg_file:reg_file|registers~456 ; Stuck at GND due to stuck port data_in ;
; Datapath:datapath|Reg_file:reg_file|registers~472 ; Stuck at GND due to stuck port data_in ;
; Datapath:datapath|Reg_file:reg_file|registers~488 ; Stuck at GND due to stuck port data_in ;
; Datapath:datapath|Reg_file:reg_file|registers~504 ; Stuck at GND due to stuck port data_in ;
; Datapath:datapath|Reg_file:reg_file|registers~7   ; Stuck at GND due to stuck port data_in ;
; Datapath:datapath|Reg_file:reg_file|registers~23  ; Stuck at GND due to stuck port data_in ;
; Datapath:datapath|Reg_file:reg_file|registers~39  ; Stuck at GND due to stuck port data_in ;
; Datapath:datapath|Reg_file:reg_file|registers~55  ; Stuck at GND due to stuck port data_in ;
; Datapath:datapath|Reg_file:reg_file|registers~71  ; Stuck at GND due to stuck port data_in ;
; Datapath:datapath|Reg_file:reg_file|registers~87  ; Stuck at GND due to stuck port data_in ;
; Datapath:datapath|Reg_file:reg_file|registers~103 ; Stuck at GND due to stuck port data_in ;
; Datapath:datapath|Reg_file:reg_file|registers~119 ; Stuck at GND due to stuck port data_in ;
; Datapath:datapath|Reg_file:reg_file|registers~135 ; Stuck at GND due to stuck port data_in ;
; Datapath:datapath|Reg_file:reg_file|registers~151 ; Stuck at GND due to stuck port data_in ;
; Datapath:datapath|Reg_file:reg_file|registers~167 ; Stuck at GND due to stuck port data_in ;
; Datapath:datapath|Reg_file:reg_file|registers~183 ; Stuck at GND due to stuck port data_in ;
; Datapath:datapath|Reg_file:reg_file|registers~199 ; Stuck at GND due to stuck port data_in ;
; Datapath:datapath|Reg_file:reg_file|registers~215 ; Stuck at GND due to stuck port data_in ;
; Datapath:datapath|Reg_file:reg_file|registers~231 ; Stuck at GND due to stuck port data_in ;
; Datapath:datapath|Reg_file:reg_file|registers~247 ; Stuck at GND due to stuck port data_in ;
; Datapath:datapath|Reg_file:reg_file|registers~263 ; Stuck at GND due to stuck port data_in ;
; Datapath:datapath|Reg_file:reg_file|registers~279 ; Stuck at GND due to stuck port data_in ;
; Datapath:datapath|Reg_file:reg_file|registers~295 ; Stuck at GND due to stuck port data_in ;
; Datapath:datapath|Reg_file:reg_file|registers~311 ; Stuck at GND due to stuck port data_in ;
; Datapath:datapath|Reg_file:reg_file|registers~327 ; Stuck at GND due to stuck port data_in ;
; Datapath:datapath|Reg_file:reg_file|registers~343 ; Stuck at GND due to stuck port data_in ;
; Datapath:datapath|Reg_file:reg_file|registers~359 ; Stuck at GND due to stuck port data_in ;
; Datapath:datapath|Reg_file:reg_file|registers~375 ; Stuck at GND due to stuck port data_in ;
; Datapath:datapath|Reg_file:reg_file|registers~391 ; Stuck at GND due to stuck port data_in ;
; Datapath:datapath|Reg_file:reg_file|registers~407 ; Stuck at GND due to stuck port data_in ;
; Datapath:datapath|Reg_file:reg_file|registers~423 ; Stuck at GND due to stuck port data_in ;
; Datapath:datapath|Reg_file:reg_file|registers~439 ; Stuck at GND due to stuck port data_in ;
; Datapath:datapath|Reg_file:reg_file|registers~455 ; Stuck at GND due to stuck port data_in ;
; Datapath:datapath|Reg_file:reg_file|registers~471 ; Stuck at GND due to stuck port data_in ;
; Datapath:datapath|Reg_file:reg_file|registers~487 ; Stuck at GND due to stuck port data_in ;
; Datapath:datapath|Reg_file:reg_file|registers~503 ; Stuck at GND due to stuck port data_in ;
; Datapath:datapath|Reg_file:reg_file|registers~6   ; Stuck at GND due to stuck port data_in ;
; Datapath:datapath|Reg_file:reg_file|registers~22  ; Stuck at GND due to stuck port data_in ;
; Datapath:datapath|Reg_file:reg_file|registers~38  ; Stuck at GND due to stuck port data_in ;
; Datapath:datapath|Reg_file:reg_file|registers~54  ; Stuck at GND due to stuck port data_in ;
; Datapath:datapath|Reg_file:reg_file|registers~70  ; Stuck at GND due to stuck port data_in ;
; Datapath:datapath|Reg_file:reg_file|registers~86  ; Stuck at GND due to stuck port data_in ;
; Datapath:datapath|Reg_file:reg_file|registers~102 ; Stuck at GND due to stuck port data_in ;
; Datapath:datapath|Reg_file:reg_file|registers~118 ; Stuck at GND due to stuck port data_in ;
; Datapath:datapath|Reg_file:reg_file|registers~134 ; Stuck at GND due to stuck port data_in ;
; Datapath:datapath|Reg_file:reg_file|registers~150 ; Stuck at GND due to stuck port data_in ;
; Datapath:datapath|Reg_file:reg_file|registers~166 ; Stuck at GND due to stuck port data_in ;
; Datapath:datapath|Reg_file:reg_file|registers~182 ; Stuck at GND due to stuck port data_in ;
; Datapath:datapath|Reg_file:reg_file|registers~198 ; Stuck at GND due to stuck port data_in ;
; Datapath:datapath|Reg_file:reg_file|registers~214 ; Stuck at GND due to stuck port data_in ;
; Datapath:datapath|Reg_file:reg_file|registers~230 ; Stuck at GND due to stuck port data_in ;
; Datapath:datapath|Reg_file:reg_file|registers~246 ; Stuck at GND due to stuck port data_in ;
; Datapath:datapath|Reg_file:reg_file|registers~262 ; Stuck at GND due to stuck port data_in ;
; Datapath:datapath|Reg_file:reg_file|registers~278 ; Stuck at GND due to stuck port data_in ;
; Datapath:datapath|Reg_file:reg_file|registers~294 ; Stuck at GND due to stuck port data_in ;
; Datapath:datapath|Reg_file:reg_file|registers~310 ; Stuck at GND due to stuck port data_in ;
; Datapath:datapath|Reg_file:reg_file|registers~326 ; Stuck at GND due to stuck port data_in ;
; Datapath:datapath|Reg_file:reg_file|registers~342 ; Stuck at GND due to stuck port data_in ;
; Datapath:datapath|Reg_file:reg_file|registers~358 ; Stuck at GND due to stuck port data_in ;
; Datapath:datapath|Reg_file:reg_file|registers~374 ; Stuck at GND due to stuck port data_in ;
; Datapath:datapath|Reg_file:reg_file|registers~390 ; Stuck at GND due to stuck port data_in ;
; Datapath:datapath|Reg_file:reg_file|registers~406 ; Stuck at GND due to stuck port data_in ;
; Datapath:datapath|Reg_file:reg_file|registers~422 ; Stuck at GND due to stuck port data_in ;
; Datapath:datapath|Reg_file:reg_file|registers~438 ; Stuck at GND due to stuck port data_in ;
; Datapath:datapath|Reg_file:reg_file|registers~454 ; Stuck at GND due to stuck port data_in ;
; Datapath:datapath|Reg_file:reg_file|registers~470 ; Stuck at GND due to stuck port data_in ;
; Datapath:datapath|Reg_file:reg_file|registers~486 ; Stuck at GND due to stuck port data_in ;
; Datapath:datapath|Reg_file:reg_file|registers~502 ; Stuck at GND due to stuck port data_in ;
; Datapath:datapath|Reg_file:reg_file|registers~5   ; Stuck at GND due to stuck port data_in ;
; Datapath:datapath|Reg_file:reg_file|registers~21  ; Stuck at GND due to stuck port data_in ;
; Datapath:datapath|Reg_file:reg_file|registers~37  ; Stuck at GND due to stuck port data_in ;
; Datapath:datapath|Reg_file:reg_file|registers~53  ; Stuck at GND due to stuck port data_in ;
; Datapath:datapath|Reg_file:reg_file|registers~69  ; Stuck at GND due to stuck port data_in ;
; Datapath:datapath|Reg_file:reg_file|registers~85  ; Stuck at GND due to stuck port data_in ;
; Datapath:datapath|Reg_file:reg_file|registers~101 ; Stuck at GND due to stuck port data_in ;
; Datapath:datapath|Reg_file:reg_file|registers~117 ; Stuck at GND due to stuck port data_in ;
; Datapath:datapath|Reg_file:reg_file|registers~133 ; Stuck at GND due to stuck port data_in ;
; Datapath:datapath|Reg_file:reg_file|registers~149 ; Stuck at GND due to stuck port data_in ;
; Datapath:datapath|Reg_file:reg_file|registers~165 ; Stuck at GND due to stuck port data_in ;
; Datapath:datapath|Reg_file:reg_file|registers~181 ; Stuck at GND due to stuck port data_in ;
; Datapath:datapath|Reg_file:reg_file|registers~197 ; Stuck at GND due to stuck port data_in ;
; Datapath:datapath|Reg_file:reg_file|registers~213 ; Stuck at GND due to stuck port data_in ;
; Datapath:datapath|Reg_file:reg_file|registers~229 ; Stuck at GND due to stuck port data_in ;
; Datapath:datapath|Reg_file:reg_file|registers~245 ; Stuck at GND due to stuck port data_in ;
; Datapath:datapath|Reg_file:reg_file|registers~261 ; Stuck at GND due to stuck port data_in ;
; Datapath:datapath|Reg_file:reg_file|registers~277 ; Stuck at GND due to stuck port data_in ;
; Datapath:datapath|Reg_file:reg_file|registers~293 ; Stuck at GND due to stuck port data_in ;
; Datapath:datapath|Reg_file:reg_file|registers~309 ; Stuck at GND due to stuck port data_in ;
; Datapath:datapath|Reg_file:reg_file|registers~325 ; Stuck at GND due to stuck port data_in ;
; Datapath:datapath|Reg_file:reg_file|registers~341 ; Stuck at GND due to stuck port data_in ;
; Datapath:datapath|Reg_file:reg_file|registers~357 ; Stuck at GND due to stuck port data_in ;
; Datapath:datapath|Reg_file:reg_file|registers~373 ; Stuck at GND due to stuck port data_in ;
; Datapath:datapath|Reg_file:reg_file|registers~389 ; Stuck at GND due to stuck port data_in ;
; Datapath:datapath|Reg_file:reg_file|registers~405 ; Stuck at GND due to stuck port data_in ;
; Datapath:datapath|Reg_file:reg_file|registers~421 ; Stuck at GND due to stuck port data_in ;
; Datapath:datapath|Reg_file:reg_file|registers~437 ; Stuck at GND due to stuck port data_in ;
; Datapath:datapath|Reg_file:reg_file|registers~453 ; Stuck at GND due to stuck port data_in ;
; Datapath:datapath|Reg_file:reg_file|registers~469 ; Stuck at GND due to stuck port data_in ;
; Datapath:datapath|Reg_file:reg_file|registers~485 ; Stuck at GND due to stuck port data_in ;
; Datapath:datapath|Reg_file:reg_file|registers~501 ; Stuck at GND due to stuck port data_in ;
; Datapath:datapath|Reg_file:reg_file|registers~4   ; Stuck at GND due to stuck port data_in ;
; Datapath:datapath|Reg_file:reg_file|registers~20  ; Stuck at GND due to stuck port data_in ;
; Datapath:datapath|Reg_file:reg_file|registers~36  ; Stuck at GND due to stuck port data_in ;
; Datapath:datapath|Reg_file:reg_file|registers~52  ; Stuck at GND due to stuck port data_in ;
; Datapath:datapath|Reg_file:reg_file|registers~68  ; Stuck at GND due to stuck port data_in ;
; Datapath:datapath|Reg_file:reg_file|registers~84  ; Stuck at GND due to stuck port data_in ;
; Datapath:datapath|Reg_file:reg_file|registers~100 ; Stuck at GND due to stuck port data_in ;
; Datapath:datapath|Reg_file:reg_file|registers~116 ; Stuck at GND due to stuck port data_in ;
; Datapath:datapath|Reg_file:reg_file|registers~132 ; Stuck at GND due to stuck port data_in ;
; Datapath:datapath|Reg_file:reg_file|registers~148 ; Stuck at GND due to stuck port data_in ;
; Datapath:datapath|Reg_file:reg_file|registers~164 ; Stuck at GND due to stuck port data_in ;
; Datapath:datapath|Reg_file:reg_file|registers~180 ; Stuck at GND due to stuck port data_in ;
; Datapath:datapath|Reg_file:reg_file|registers~196 ; Stuck at GND due to stuck port data_in ;
; Datapath:datapath|Reg_file:reg_file|registers~212 ; Stuck at GND due to stuck port data_in ;
; Datapath:datapath|Reg_file:reg_file|registers~228 ; Stuck at GND due to stuck port data_in ;
; Datapath:datapath|Reg_file:reg_file|registers~244 ; Stuck at GND due to stuck port data_in ;
; Datapath:datapath|Reg_file:reg_file|registers~260 ; Stuck at GND due to stuck port data_in ;
; Datapath:datapath|Reg_file:reg_file|registers~276 ; Stuck at GND due to stuck port data_in ;
; Datapath:datapath|Reg_file:reg_file|registers~292 ; Stuck at GND due to stuck port data_in ;
; Datapath:datapath|Reg_file:reg_file|registers~308 ; Stuck at GND due to stuck port data_in ;
; Datapath:datapath|Reg_file:reg_file|registers~324 ; Stuck at GND due to stuck port data_in ;
; Datapath:datapath|Reg_file:reg_file|registers~340 ; Stuck at GND due to stuck port data_in ;
; Datapath:datapath|Reg_file:reg_file|registers~356 ; Stuck at GND due to stuck port data_in ;
; Datapath:datapath|Reg_file:reg_file|registers~372 ; Stuck at GND due to stuck port data_in ;
; Datapath:datapath|Reg_file:reg_file|registers~388 ; Stuck at GND due to stuck port data_in ;
; Datapath:datapath|Reg_file:reg_file|registers~404 ; Stuck at GND due to stuck port data_in ;
; Datapath:datapath|Reg_file:reg_file|registers~420 ; Stuck at GND due to stuck port data_in ;
; Datapath:datapath|Reg_file:reg_file|registers~436 ; Stuck at GND due to stuck port data_in ;
; Datapath:datapath|Reg_file:reg_file|registers~452 ; Stuck at GND due to stuck port data_in ;
; Datapath:datapath|Reg_file:reg_file|registers~468 ; Stuck at GND due to stuck port data_in ;
; Datapath:datapath|Reg_file:reg_file|registers~484 ; Stuck at GND due to stuck port data_in ;
; Datapath:datapath|Reg_file:reg_file|registers~500 ; Stuck at GND due to stuck port data_in ;
; Datapath:datapath|Reg_file:reg_file|registers~3   ; Stuck at GND due to stuck port data_in ;
; Datapath:datapath|Reg_file:reg_file|registers~19  ; Stuck at GND due to stuck port data_in ;
; Datapath:datapath|Reg_file:reg_file|registers~35  ; Stuck at GND due to stuck port data_in ;
; Datapath:datapath|Reg_file:reg_file|registers~51  ; Stuck at GND due to stuck port data_in ;
; Datapath:datapath|Reg_file:reg_file|registers~67  ; Stuck at GND due to stuck port data_in ;
; Datapath:datapath|Reg_file:reg_file|registers~83  ; Stuck at GND due to stuck port data_in ;
; Datapath:datapath|Reg_file:reg_file|registers~99  ; Stuck at GND due to stuck port data_in ;
; Datapath:datapath|Reg_file:reg_file|registers~115 ; Stuck at GND due to stuck port data_in ;
; Datapath:datapath|Reg_file:reg_file|registers~131 ; Stuck at GND due to stuck port data_in ;
; Datapath:datapath|Reg_file:reg_file|registers~147 ; Stuck at GND due to stuck port data_in ;
; Datapath:datapath|Reg_file:reg_file|registers~163 ; Stuck at GND due to stuck port data_in ;
; Datapath:datapath|Reg_file:reg_file|registers~179 ; Stuck at GND due to stuck port data_in ;
; Datapath:datapath|Reg_file:reg_file|registers~195 ; Stuck at GND due to stuck port data_in ;
; Datapath:datapath|Reg_file:reg_file|registers~211 ; Stuck at GND due to stuck port data_in ;
; Datapath:datapath|Reg_file:reg_file|registers~227 ; Stuck at GND due to stuck port data_in ;
; Datapath:datapath|Reg_file:reg_file|registers~243 ; Stuck at GND due to stuck port data_in ;
; Datapath:datapath|Reg_file:reg_file|registers~259 ; Stuck at GND due to stuck port data_in ;
; Datapath:datapath|Reg_file:reg_file|registers~275 ; Stuck at GND due to stuck port data_in ;
; Datapath:datapath|Reg_file:reg_file|registers~291 ; Stuck at GND due to stuck port data_in ;
; Datapath:datapath|Reg_file:reg_file|registers~307 ; Stuck at GND due to stuck port data_in ;
; Datapath:datapath|Reg_file:reg_file|registers~323 ; Stuck at GND due to stuck port data_in ;
; Datapath:datapath|Reg_file:reg_file|registers~339 ; Stuck at GND due to stuck port data_in ;
; Datapath:datapath|Reg_file:reg_file|registers~355 ; Stuck at GND due to stuck port data_in ;
; Datapath:datapath|Reg_file:reg_file|registers~371 ; Stuck at GND due to stuck port data_in ;
; Datapath:datapath|Reg_file:reg_file|registers~387 ; Stuck at GND due to stuck port data_in ;
; Datapath:datapath|Reg_file:reg_file|registers~403 ; Stuck at GND due to stuck port data_in ;
; Datapath:datapath|Reg_file:reg_file|registers~419 ; Stuck at GND due to stuck port data_in ;
; Datapath:datapath|Reg_file:reg_file|registers~435 ; Stuck at GND due to stuck port data_in ;
; Datapath:datapath|Reg_file:reg_file|registers~451 ; Stuck at GND due to stuck port data_in ;
; Datapath:datapath|Reg_file:reg_file|registers~467 ; Stuck at GND due to stuck port data_in ;
; Datapath:datapath|Reg_file:reg_file|registers~483 ; Stuck at GND due to stuck port data_in ;
; Datapath:datapath|Reg_file:reg_file|registers~499 ; Stuck at GND due to stuck port data_in ;
; Datapath:datapath|Reg_file:reg_file|registers~2   ; Stuck at GND due to stuck port data_in ;
; Datapath:datapath|Reg_file:reg_file|registers~18  ; Stuck at GND due to stuck port data_in ;
; Datapath:datapath|Reg_file:reg_file|registers~34  ; Stuck at GND due to stuck port data_in ;
; Datapath:datapath|Reg_file:reg_file|registers~50  ; Stuck at GND due to stuck port data_in ;
; Datapath:datapath|Reg_file:reg_file|registers~66  ; Stuck at GND due to stuck port data_in ;
; Datapath:datapath|Reg_file:reg_file|registers~82  ; Stuck at GND due to stuck port data_in ;
; Datapath:datapath|Reg_file:reg_file|registers~98  ; Stuck at GND due to stuck port data_in ;
; Datapath:datapath|Reg_file:reg_file|registers~114 ; Stuck at GND due to stuck port data_in ;
; Datapath:datapath|Reg_file:reg_file|registers~130 ; Stuck at GND due to stuck port data_in ;
; Datapath:datapath|Reg_file:reg_file|registers~146 ; Stuck at GND due to stuck port data_in ;
; Datapath:datapath|Reg_file:reg_file|registers~162 ; Stuck at GND due to stuck port data_in ;
; Datapath:datapath|Reg_file:reg_file|registers~178 ; Stuck at GND due to stuck port data_in ;
; Datapath:datapath|Reg_file:reg_file|registers~194 ; Stuck at GND due to stuck port data_in ;
; Datapath:datapath|Reg_file:reg_file|registers~210 ; Stuck at GND due to stuck port data_in ;
; Datapath:datapath|Reg_file:reg_file|registers~226 ; Stuck at GND due to stuck port data_in ;
; Datapath:datapath|Reg_file:reg_file|registers~242 ; Stuck at GND due to stuck port data_in ;
; Datapath:datapath|Reg_file:reg_file|registers~258 ; Stuck at GND due to stuck port data_in ;
; Datapath:datapath|Reg_file:reg_file|registers~274 ; Stuck at GND due to stuck port data_in ;
; Datapath:datapath|Reg_file:reg_file|registers~290 ; Stuck at GND due to stuck port data_in ;
; Datapath:datapath|Reg_file:reg_file|registers~306 ; Stuck at GND due to stuck port data_in ;
; Datapath:datapath|Reg_file:reg_file|registers~322 ; Stuck at GND due to stuck port data_in ;
; Datapath:datapath|Reg_file:reg_file|registers~338 ; Stuck at GND due to stuck port data_in ;
; Datapath:datapath|Reg_file:reg_file|registers~354 ; Stuck at GND due to stuck port data_in ;
; Datapath:datapath|Reg_file:reg_file|registers~370 ; Stuck at GND due to stuck port data_in ;
; Datapath:datapath|Reg_file:reg_file|registers~386 ; Stuck at GND due to stuck port data_in ;
; Datapath:datapath|Reg_file:reg_file|registers~402 ; Stuck at GND due to stuck port data_in ;
; Datapath:datapath|Reg_file:reg_file|registers~418 ; Stuck at GND due to stuck port data_in ;
; Datapath:datapath|Reg_file:reg_file|registers~434 ; Stuck at GND due to stuck port data_in ;
; Datapath:datapath|Reg_file:reg_file|registers~450 ; Stuck at GND due to stuck port data_in ;
; Datapath:datapath|Reg_file:reg_file|registers~466 ; Stuck at GND due to stuck port data_in ;
; Datapath:datapath|Reg_file:reg_file|registers~482 ; Stuck at GND due to stuck port data_in ;
; Datapath:datapath|Reg_file:reg_file|registers~498 ; Stuck at GND due to stuck port data_in ;
; Datapath:datapath|Reg_file:reg_file|registers~1   ; Stuck at GND due to stuck port data_in ;
; Datapath:datapath|Reg_file:reg_file|registers~17  ; Stuck at GND due to stuck port data_in ;
; Datapath:datapath|Reg_file:reg_file|registers~33  ; Stuck at GND due to stuck port data_in ;
; Datapath:datapath|Reg_file:reg_file|registers~49  ; Stuck at GND due to stuck port data_in ;
; Datapath:datapath|Reg_file:reg_file|registers~65  ; Stuck at GND due to stuck port data_in ;
; Datapath:datapath|Reg_file:reg_file|registers~81  ; Stuck at GND due to stuck port data_in ;
; Datapath:datapath|Reg_file:reg_file|registers~97  ; Stuck at GND due to stuck port data_in ;
; Datapath:datapath|Reg_file:reg_file|registers~113 ; Stuck at GND due to stuck port data_in ;
; Datapath:datapath|Reg_file:reg_file|registers~129 ; Stuck at GND due to stuck port data_in ;
; Datapath:datapath|Reg_file:reg_file|registers~145 ; Stuck at GND due to stuck port data_in ;
; Datapath:datapath|Reg_file:reg_file|registers~161 ; Stuck at GND due to stuck port data_in ;
; Datapath:datapath|Reg_file:reg_file|registers~177 ; Stuck at GND due to stuck port data_in ;
; Datapath:datapath|Reg_file:reg_file|registers~193 ; Stuck at GND due to stuck port data_in ;
; Datapath:datapath|Reg_file:reg_file|registers~209 ; Stuck at GND due to stuck port data_in ;
; Datapath:datapath|Reg_file:reg_file|registers~225 ; Stuck at GND due to stuck port data_in ;
; Datapath:datapath|Reg_file:reg_file|registers~241 ; Stuck at GND due to stuck port data_in ;
; Datapath:datapath|Reg_file:reg_file|registers~257 ; Stuck at GND due to stuck port data_in ;
; Datapath:datapath|Reg_file:reg_file|registers~273 ; Stuck at GND due to stuck port data_in ;
; Datapath:datapath|Reg_file:reg_file|registers~289 ; Stuck at GND due to stuck port data_in ;
; Datapath:datapath|Reg_file:reg_file|registers~305 ; Stuck at GND due to stuck port data_in ;
; Datapath:datapath|Reg_file:reg_file|registers~321 ; Stuck at GND due to stuck port data_in ;
; Datapath:datapath|Reg_file:reg_file|registers~337 ; Stuck at GND due to stuck port data_in ;
; Datapath:datapath|Reg_file:reg_file|registers~353 ; Stuck at GND due to stuck port data_in ;
; Datapath:datapath|Reg_file:reg_file|registers~369 ; Stuck at GND due to stuck port data_in ;
; Datapath:datapath|Reg_file:reg_file|registers~385 ; Stuck at GND due to stuck port data_in ;
; Datapath:datapath|Reg_file:reg_file|registers~401 ; Stuck at GND due to stuck port data_in ;
; Datapath:datapath|Reg_file:reg_file|registers~417 ; Stuck at GND due to stuck port data_in ;
; Datapath:datapath|Reg_file:reg_file|registers~433 ; Stuck at GND due to stuck port data_in ;
; Datapath:datapath|Reg_file:reg_file|registers~449 ; Stuck at GND due to stuck port data_in ;
; Datapath:datapath|Reg_file:reg_file|registers~465 ; Stuck at GND due to stuck port data_in ;
; Datapath:datapath|Reg_file:reg_file|registers~481 ; Stuck at GND due to stuck port data_in ;
; Datapath:datapath|Reg_file:reg_file|registers~497 ; Stuck at GND due to stuck port data_in ;
; Datapath:datapath|Reg_file:reg_file|registers~0   ; Stuck at GND due to stuck port data_in ;
; Datapath:datapath|Reg_file:reg_file|registers~16  ; Stuck at GND due to stuck port data_in ;
; Datapath:datapath|Reg_file:reg_file|registers~32  ; Stuck at GND due to stuck port data_in ;
; Datapath:datapath|Reg_file:reg_file|registers~48  ; Stuck at GND due to stuck port data_in ;
; Datapath:datapath|Reg_file:reg_file|registers~64  ; Stuck at GND due to stuck port data_in ;
; Datapath:datapath|Reg_file:reg_file|registers~80  ; Stuck at GND due to stuck port data_in ;
; Datapath:datapath|Reg_file:reg_file|registers~96  ; Stuck at GND due to stuck port data_in ;
; Datapath:datapath|Reg_file:reg_file|registers~112 ; Stuck at GND due to stuck port data_in ;
; Datapath:datapath|Reg_file:reg_file|registers~128 ; Stuck at GND due to stuck port data_in ;
; Datapath:datapath|Reg_file:reg_file|registers~144 ; Stuck at GND due to stuck port data_in ;
; Datapath:datapath|Reg_file:reg_file|registers~160 ; Stuck at GND due to stuck port data_in ;
; Datapath:datapath|Reg_file:reg_file|registers~176 ; Stuck at GND due to stuck port data_in ;
; Datapath:datapath|Reg_file:reg_file|registers~192 ; Stuck at GND due to stuck port data_in ;
; Datapath:datapath|Reg_file:reg_file|registers~208 ; Stuck at GND due to stuck port data_in ;
; Datapath:datapath|Reg_file:reg_file|registers~224 ; Stuck at GND due to stuck port data_in ;
; Datapath:datapath|Reg_file:reg_file|registers~240 ; Stuck at GND due to stuck port data_in ;
; Datapath:datapath|Reg_file:reg_file|registers~256 ; Stuck at GND due to stuck port data_in ;
; Datapath:datapath|Reg_file:reg_file|registers~272 ; Stuck at GND due to stuck port data_in ;
; Datapath:datapath|Reg_file:reg_file|registers~288 ; Stuck at GND due to stuck port data_in ;
; Datapath:datapath|Reg_file:reg_file|registers~304 ; Stuck at GND due to stuck port data_in ;
; Datapath:datapath|Reg_file:reg_file|registers~320 ; Stuck at GND due to stuck port data_in ;
; Datapath:datapath|Reg_file:reg_file|registers~336 ; Stuck at GND due to stuck port data_in ;
; Datapath:datapath|Reg_file:reg_file|registers~352 ; Stuck at GND due to stuck port data_in ;
; Datapath:datapath|Reg_file:reg_file|registers~368 ; Stuck at GND due to stuck port data_in ;
; Datapath:datapath|Reg_file:reg_file|registers~384 ; Stuck at GND due to stuck port data_in ;
; Datapath:datapath|Reg_file:reg_file|registers~400 ; Stuck at GND due to stuck port data_in ;
; Datapath:datapath|Reg_file:reg_file|registers~416 ; Stuck at GND due to stuck port data_in ;
; Datapath:datapath|Reg_file:reg_file|registers~432 ; Stuck at GND due to stuck port data_in ;
; Datapath:datapath|Reg_file:reg_file|registers~448 ; Stuck at GND due to stuck port data_in ;
; Datapath:datapath|Reg_file:reg_file|registers~464 ; Stuck at GND due to stuck port data_in ;
; Datapath:datapath|Reg_file:reg_file|registers~480 ; Stuck at GND due to stuck port data_in ;
; Datapath:datapath|Reg_file:reg_file|registers~496 ; Stuck at GND due to stuck port data_in ;
; Total Number of Removed Registers = 512           ;                                        ;
+---------------------------------------------------+----------------------------------------+


+------------------------------------------------------+
; General Register Statistics                          ;
+----------------------------------------------+-------+
; Statistic                                    ; Value ;
+----------------------------------------------+-------+
; Total registers                              ; 0     ;
; Number of registers using Synchronous Clear  ; 0     ;
; Number of registers using Synchronous Load   ; 0     ;
; Number of registers using Asynchronous Clear ; 0     ;
; Number of registers using Asynchronous Load  ; 0     ;
; Number of registers using Clock Enable       ; 0     ;
; Number of registers using Preset             ; 0     ;
+----------------------------------------------+-------+


+------------------------------------------------------------------------------------------------------------------------------------------------------------------------------------+
; Port Connectivity Checks: "Datapath:datapath|Reg_file:reg_file"                                                                                                                    ;
+-----------+-------+----------+-----------------------------------------------------------------------------------------------------------------------------------------------------+
; Port      ; Type  ; Severity ; Details                                                                                                                                             ;
+-----------+-------+----------+-----------------------------------------------------------------------------------------------------------------------------------------------------+
; WriteData ; Input ; Warning  ; Input port expression (1 bits) is smaller than the input port (16 bits) it drives.  Extra input bit(s) "WriteData[15..1]" will be connected to GND. ;
+-----------+-------+----------+-----------------------------------------------------------------------------------------------------------------------------------------------------+


+-----------------------------------------------------+
; Post-Synthesis Netlist Statistics for Top Partition ;
+-----------------------+-----------------------------+
; Type                  ; Count                       ;
+-----------------------+-----------------------------+
; boundary_port         ; 34                          ;
; cycloneiii_lcell_comb ; 1                           ;
;     normal            ; 1                           ;
;         0 data inputs ; 1                           ;
;                       ;                             ;
; Max LUT depth         ; 0.00                        ;
; Average LUT depth     ; 0.00                        ;
+-----------------------+-----------------------------+


+-------------------------------+
; Elapsed Time Per Partition    ;
+----------------+--------------+
; Partition Name ; Elapsed Time ;
+----------------+--------------+
; Top            ; 00:00:00     ;
+----------------+--------------+


+-------------------------------+
; Analysis & Synthesis Messages ;
+-------------------------------+
Info: *******************************************************************
Info: Running Quartus Prime Analysis & Synthesis
    Info: Version 20.1.1 Build 720 11/11/2020 SJ Lite Edition
    Info: Processing started: Wed Sep 23 08:01:28 2026
Info: Command: quartus_map --read_settings_files=on --write_settings_files=off RISCV_16-bit_cpu -c RISCV_16-bit_cpu
Warning (18236): Number of processors has not been specified which may cause overloading on shared machines.  Set the global assignment NUM_PARALLEL_PROCESSORS in your QSF to an appropriate value for best performance.
Info (20030): Parallel compilation is enabled and will use 14 of the 14 processors detected
Info (12021): Found 1 design units, including 1 entities, in source file code/rvc_cpu.v
    Info (12023): Found entity 1: RVC_CPU File: C:/SETU_ZOHO/code/RVC_CPU.v Line: 1
Info (12021): Found 1 design units, including 1 entities, in source file code/reg_file.v
    Info (12023): Found entity 1: Reg_file File: C:/SETU_ZOHO/code/Reg_file.v Line: 1
Info (12021): Found 1 design units, including 1 entities, in source file code/decoder.v
    Info (12023): Found entity 1: Decoder File: C:/SETU_ZOHO/code/Decoder.v Line: 1
Info (12021): Found 1 design units, including 1 entities, in source file code/datapath.v
    Info (12023): Found entity 1: Datapath File: C:/SETU_ZOHO/code/Datapath.v Line: 1
Info (12021): Found 1 design units, including 1 entities, in source file code/alu.v
    Info (12023): Found entity 1: ALU File: C:/SETU_ZOHO/code/ALU.v Line: 1
Warning (10236): Verilog HDL Implicit Net warning at Datapath.v(17): created implicit net for "WriteData" File: C:/SETU_ZOHO/code/Datapath.v Line: 17
Info (12127): Elaborating entity "RVC_CPU" for the top level hierarchy
Info (12128): Elaborating entity "Datapath" for hierarchy "Datapath:datapath" File: C:/SETU_ZOHO/code/RVC_CPU.v Line: 18
Info (12128): Elaborating entity "Reg_file" for hierarchy "Datapath:datapath|Reg_file:reg_file" File: C:/SETU_ZOHO/code/Datapath.v Line: 19
Info (12128): Elaborating entity "ALU" for hierarchy "Datapath:datapath|ALU:alu" File: C:/SETU_ZOHO/code/Datapath.v Line: 24
Info (12128): Elaborating entity "Decoder" for hierarchy "Decoder:decoder" File: C:/SETU_ZOHO/code/RVC_CPU.v Line: 22
Info (276014): Found 1 instances of uninferred RAM logic
    Info (276007): RAM logic "Datapath:datapath|Reg_file:reg_file|registers" is uninferred due to asynchronous read logic File: C:/SETU_ZOHO/code/Reg_file.v Line: 16
Warning (12241): 1 hierarchies have connectivity warnings - see the Connectivity Checks report folder
Warning (13024): Output pins are stuck at VCC or GND
    Warning (13410): Pin "ALUResult[0]" is stuck at GND File: C:/SETU_ZOHO/code/RVC_CPU.v Line: 7
    Warning (13410): Pin "ALUResult[1]" is stuck at GND File: C:/SETU_ZOHO/code/RVC_CPU.v Line: 7
    Warning (13410): Pin "ALUResult[2]" is stuck at GND File: C:/SETU_ZOHO/code/RVC_CPU.v Line: 7
    Warning (13410): Pin "ALUResult[3]" is stuck at GND File: C:/SETU_ZOHO/code/RVC_CPU.v Line: 7
    Warning (13410): Pin "ALUResult[4]" is stuck at GND File: C:/SETU_ZOHO/code/RVC_CPU.v Line: 7
    Warning (13410): Pin "ALUResult[5]" is stuck at GND File: C:/SETU_ZOHO/code/RVC_CPU.v Line: 7
    Warning (13410): Pin "ALUResult[6]" is stuck at GND File: C:/SETU_ZOHO/code/RVC_CPU.v Line: 7
    Warning (13410): Pin "ALUResult[7]" is stuck at GND File: C:/SETU_ZOHO/code/RVC_CPU.v Line: 7
    Warning (13410): Pin "ALUResult[8]" is stuck at GND File: C:/SETU_ZOHO/code/RVC_CPU.v Line: 7
    Warning (13410): Pin "ALUResult[9]" is stuck at GND File: C:/SETU_ZOHO/code/RVC_CPU.v Line: 7
    Warning (13410): Pin "ALUResult[10]" is stuck at GND File: C:/SETU_ZOHO/code/RVC_CPU.v Line: 7
    Warning (13410): Pin "ALUResult[11]" is stuck at GND File: C:/SETU_ZOHO/code/RVC_CPU.v Line: 7
    Warning (13410): Pin "ALUResult[12]" is stuck at GND File: C:/SETU_ZOHO/code/RVC_CPU.v Line: 7
    Warning (13410): Pin "ALUResult[13]" is stuck at GND File: C:/SETU_ZOHO/code/RVC_CPU.v Line: 7
    Warning (13410): Pin "ALUResult[14]" is stuck at GND File: C:/SETU_ZOHO/code/RVC_CPU.v Line: 7
    Warning (13410): Pin "ALUResult[15]" is stuck at GND File: C:/SETU_ZOHO/code/RVC_CPU.v Line: 7
Info (16010): Generating hard_block partition "hard_block:auto_generated_inst"
    Info (16011): Adding 0 node(s), including 0 DDIO, 0 PLL, 0 transceiver and 0 LCELL
Warning (21074): Design contains 18 input pin(s) that do not drive logic
    Warning (15610): No output dependent on input pin "Instr[7]" File: C:/SETU_ZOHO/code/RVC_CPU.v Line: 4
    Warning (15610): No output dependent on input pin "Instr[0]" File: C:/SETU_ZOHO/code/RVC_CPU.v Line: 4
    Warning (15610): No output dependent on input pin "Instr[1]" File: C:/SETU_ZOHO/code/RVC_CPU.v Line: 4
    Warning (15610): No output dependent on input pin "Instr[12]" File: C:/SETU_ZOHO/code/RVC_CPU.v Line: 4
    Warning (15610): No output dependent on input pin "Instr[13]" File: C:/SETU_ZOHO/code/RVC_CPU.v Line: 4
    Warning (15610): No output dependent on input pin "Instr[14]" File: C:/SETU_ZOHO/code/RVC_CPU.v Line: 4
    Warning (15610): No output dependent on input pin "Instr[15]" File: C:/SETU_ZOHO/code/RVC_CPU.v Line: 4
    Warning (15610): No output dependent on input pin "Instr[8]" File: C:/SETU_ZOHO/code/RVC_CPU.v Line: 4
    Warning (15610): No output dependent on input pin "Instr[9]" File: C:/SETU_ZOHO/code/RVC_CPU.v Line: 4
    Warning (15610): No output dependent on input pin "Instr[10]" File: C:/SETU_ZOHO/code/RVC_CPU.v Line: 4
    Warning (15610): No output dependent on input pin "Instr[11]" File: C:/SETU_ZOHO/code/RVC_CPU.v Line: 4
    Warning (15610): No output dependent on input pin "Instr[2]" File: C:/SETU_ZOHO/code/RVC_CPU.v Line: 4
    Warning (15610): No output dependent on input pin "Instr[3]" File: C:/SETU_ZOHO/code/RVC_CPU.v Line: 4
    Warning (15610): No output dependent on input pin "Instr[4]" File: C:/SETU_ZOHO/code/RVC_CPU.v Line: 4
    Warning (15610): No output dependent on input pin "Instr[5]" File: C:/SETU_ZOHO/code/RVC_CPU.v Line: 4
    Warning (15610): No output dependent on input pin "Instr[6]" File: C:/SETU_ZOHO/code/RVC_CPU.v Line: 4
    Warning (15610): No output dependent on input pin "rst" File: C:/SETU_ZOHO/code/RVC_CPU.v Line: 3
    Warning (15610): No output dependent on input pin "clk" File: C:/SETU_ZOHO/code/RVC_CPU.v Line: 2
Info (21057): Implemented 34 device resources after synthesis - the final resource count might be different
    Info (21058): Implemented 18 input pins
    Info (21059): Implemented 16 output pins
Info: Quartus Prime Analysis & Synthesis was successful. 0 errors, 39 warnings
    Info: Peak virtual memory: 4746 megabytes
    Info: Processing ended: Wed Sep 23 08:01:35 2026
    Info: Elapsed time: 00:00:07
    Info: Total CPU time (on all processors): 00:00:14


